---
source: crates/celerrate_syntax/tests/corpus.rs
expression: render(&source)
input_file: crates/celerrate_syntax/tests/corpus/hello.php
---
InlineHtml @ 0..23 "<!DOCTYPE html>\n<body>\n"
OpenTag @ 23..28 "<?php"
Whitespace @ 28..30 "\n\n"
Declare @ 30..37 "declare"
OpenParenthesis @ 37..38 "("
Identifier @ 38..50 "strict_types"
Equals @ 50..51 "="
IntegerLiteral @ 51..52 "1"
CloseParenthesis @ 52..53 ")"
Semicolon @ 53..54 ";"
Whitespace @ 54..56 "\n\n"
Variable @ 56..65 "$greeting"
Whitespace @ 65..66 " "
Equals @ 66..67 "="
Whitespace @ 67..68 " "
SingleQuotedString @ 68..75 "'Hello'"
Semicolon @ 75..76 ";"
Whitespace @ 76..77 "\n"
Echo @ 77..81 "echo"
Whitespace @ 81..82 " "
DoubleQuote @ 82..83 "\""
Variable @ 83..92 "$greeting"
StringFragment @ 92..94 ", "
OpenBrace @ 94..95 "{"
Variable @ 95..103 "$_SERVER"
OpenBracket @ 103..104 "["
SingleQuotedString @ 104..117 "'REMOTE_ADDR'"
CloseBracket @ 117..118 "]"
CloseBrace @ 118..119 "}"
StringFragment @ 119..121 " !"
DoubleQuote @ 121..122 "\""
Semicolon @ 122..123 ";"
Whitespace @ 123..125 "\n\n"
CloseTag @ 125..128 "?>\n"
InlineHtml @ 128..136 "</body>\n"
