---
source: crates/celerrate_syntax/tests/corpus.rs
expression: render(&source)
input_file: crates/celerrate_syntax/tests/corpus/numbers_operators.php
---
OpenTag @ 0..5 "<?php"
Whitespace @ 5..7 "\n\n"
Variable @ 7..11 "$mix"
Whitespace @ 11..12 " "
Equals @ 12..13 "="
Whitespace @ 13..14 " "
IntegerLiteral @ 14..21 "0xFF_EC"
Whitespace @ 21..22 " "
Plus @ 22..23 "+"
Whitespace @ 23..24 " "
IntegerLiteral @ 24..30 "0b1010"
Whitespace @ 30..31 " "
Minus @ 31..32 "-"
Whitespace @ 32..33 " "
IntegerLiteral @ 33..38 "0o777"
Whitespace @ 38..39 " "
Plus @ 39..40 "+"
Whitespace @ 40..41 " "
IntegerLiteral @ 41..45 "0777"
Whitespace @ 45..46 " "
Plus @ 46..47 "+"
Whitespace @ 47..48 " "
IntegerLiteral @ 48..57 "1_000_000"
Semicolon @ 57..58 ";"
Whitespace @ 58..59 "\n"
Variable @ 59..66 "$floats"
Whitespace @ 66..67 " "
Equals @ 67..68 "="
Whitespace @ 68..69 " "
FloatLiteral @ 69..71 ".5"
Whitespace @ 71..72 " "
Plus @ 72..73 "+"
Whitespace @ 73..74 " "
FloatLiteral @ 74..76 "1."
Whitespace @ 76..77 " "
Plus @ 77..78 "+"
Whitespace @ 78..79 " "
FloatLiteral @ 79..85 "1.5e-3"
Whitespace @ 85..86 " "
Plus @ 86..87 "+"
Whitespace @ 87..88 " "
FloatLiteral @ 88..91 "2E8"
Semicolon @ 91..92 ";"
Whitespace @ 92..93 "\n"
Variable @ 93..101 "$compare"
Whitespace @ 101..102 " "
Equals @ 102..103 "="
Whitespace @ 103..104 " "
Variable @ 104..106 "$a"
Whitespace @ 106..107 " "
Spaceship @ 107..110 "<=>"
Whitespace @ 110..111 " "
Variable @ 111..113 "$b"
Whitespace @ 113..114 " "
Question @ 114..115 "?"
Colon @ 115..116 ":"
Whitespace @ 116..117 " "
Variable @ 117..119 "$a"
Whitespace @ 119..120 " "
QuestionQuestion @ 120..122 "??"
Whitespace @ 122..123 " "
Variable @ 123..125 "$b"
Semicolon @ 125..126 ";"
Whitespace @ 126..127 "\n"
Variable @ 127..134 "$assign"
Whitespace @ 134..135 " "
QuestionQuestionEquals @ 135..138 "??="
Whitespace @ 138..139 " "
Variable @ 139..141 "$a"
Whitespace @ 141..142 " "
StarStar @ 142..144 "**"
Whitespace @ 144..145 " "
Variable @ 145..147 "$b"
Whitespace @ 147..148 " "
Percent @ 148..149 "%"
Whitespace @ 149..150 " "
Variable @ 150..152 "$c"
Semicolon @ 152..153 ";"
Whitespace @ 153..154 "\n"
Variable @ 154..160 "$casts"
Whitespace @ 160..161 " "
Equals @ 161..162 "="
Whitespace @ 162..163 " "
IntCast @ 163..168 "(int)"
Whitespace @ 168..169 " "
SingleQuotedString @ 169..172 "'1'"
Whitespace @ 172..173 " "
Dot @ 173..174 "."
Whitespace @ 174..175 " "
StringCast @ 175..183 "(string)"
IntegerLiteral @ 183..184 "2"
Whitespace @ 184..185 " "
Dot @ 185..186 "."
Whitespace @ 186..187 " "
FloatCast @ 187..196 "( FLOAT )"
Variable @ 196..198 "$x"
Semicolon @ 198..199 ";"
Whitespace @ 199..200 "\n"
Variable @ 200..206 "$arrow"
Whitespace @ 206..207 " "
Equals @ 207..208 "="
Whitespace @ 208..209 " "
Fn @ 209..211 "fn"
OpenParenthesis @ 211..212 "("
Identifier @ 212..215 "int"
Whitespace @ 215..216 " "
Variable @ 216..218 "$n"
CloseParenthesis @ 218..219 ")"
Colon @ 219..220 ":"
Whitespace @ 220..221 " "
Identifier @ 221..224 "int"
Whitespace @ 224..225 " "
FatArrow @ 225..227 "=>"
Whitespace @ 227..228 " "
Variable @ 228..230 "$n"
Whitespace @ 230..231 " "
LessLessEquals @ 231..234 "<<="
Whitespace @ 234..235 " "
IntegerLiteral @ 235..236 "2"
Semicolon @ 236..237 ";"
Whitespace @ 237..238 "\n"
Variable @ 238..248 "$attribute"
Whitespace @ 248..249 " "
Equals @ 249..250 "="
Whitespace @ 250..251 " "
New @ 251..254 "new"
Whitespace @ 254..255 " "
AttributeOpen @ 255..257 "#["
Identifier @ 257..261 "Pure"
CloseBracket @ 261..262 "]"
Whitespace @ 262..263 " "
Class @ 263..268 "class"
Whitespace @ 268..269 " "
OpenBrace @ 269..270 "{"
CloseBrace @ 270..271 "}"
Semicolon @ 271..272 ";"
Whitespace @ 272..273 "\n"
List @ 273..277 "list"
OpenParenthesis @ 277..278 "("
Variable @ 278..280 "$x"
Comma @ 280..281 ","
Whitespace @ 281..282 " "
OpenBracket @ 282..283 "["
Variable @ 283..285 "$y"
CloseBracket @ 285..286 "]"
CloseParenthesis @ 286..287 ")"
Whitespace @ 287..288 " "
Equals @ 288..289 "="
Whitespace @ 289..290 " "
OpenBracket @ 290..291 "["
IntegerLiteral @ 291..292 "1"
Comma @ 292..293 ","
Whitespace @ 293..294 " "
OpenBracket @ 294..295 "["
IntegerLiteral @ 295..296 "2"
CloseBracket @ 296..297 "]"
CloseBracket @ 297..298 "]"
Semicolon @ 298..299 ";"
Whitespace @ 299..300 "\n"
