---
source: crates/celerrate_syntax/tests/corpus.rs
expression: render(&source)
input_file: crates/celerrate_syntax/tests/corpus/class.php
---
OpenTag @ 0..5 "<?php"
Whitespace @ 5..7 "\n\n"
Namespace @ 7..16 "namespace"
Whitespace @ 16..17 " "
Identifier @ 17..20 "App"
Backslash @ 20..21 "\\"
Identifier @ 21..27 "Domain"
Semicolon @ 27..28 ";"
Whitespace @ 28..30 "\n\n"
AttributeOpen @ 30..32 "#["
Identifier @ 32..41 "Attribute"
CloseBracket @ 41..42 "]"
Whitespace @ 42..43 "\n"
Final @ 43..48 "final"
Whitespace @ 48..49 " "
Readonly @ 49..57 "readonly"
Whitespace @ 57..58 " "
Class @ 58..63 "class"
Whitespace @ 63..64 " "
Identifier @ 64..69 "Money"
Whitespace @ 69..70 "\n"
OpenBrace @ 70..71 "{"
Whitespace @ 71..76 "\n    "
Public @ 76..82 "public"
Whitespace @ 82..83 " "
Function @ 83..91 "function"
Whitespace @ 91..92 " "
Identifier @ 92..103 "__construct"
OpenParenthesis @ 103..104 "("
Whitespace @ 104..113 "\n        "
Private @ 113..120 "private"
Whitespace @ 120..121 " "
Identifier @ 121..124 "int"
Whitespace @ 124..125 " "
Variable @ 125..132 "$amount"
Comma @ 132..133 ","
Whitespace @ 133..142 "\n        "
Private @ 142..149 "private"
Whitespace @ 149..150 " "
Identifier @ 150..158 "Currency"
Whitespace @ 158..159 " "
Variable @ 159..168 "$currency"
Whitespace @ 168..169 " "
Equals @ 169..170 "="
Whitespace @ 170..171 " "
Identifier @ 171..179 "Currency"
ColonColon @ 179..181 "::"
Identifier @ 181..185 "Euro"
Comma @ 185..186 ","
Whitespace @ 186..191 "\n    "
CloseParenthesis @ 191..192 ")"
Whitespace @ 192..193 " "
OpenBrace @ 193..194 "{"
Whitespace @ 194..199 "\n    "
CloseBrace @ 199..200 "}"
Whitespace @ 200..206 "\n\n    "
Public @ 206..212 "public"
Whitespace @ 212..213 " "
Function @ 213..221 "function"
Whitespace @ 221..222 " "
Identifier @ 222..225 "add"
OpenParenthesis @ 225..226 "("
Identifier @ 226..230 "self"
Whitespace @ 230..231 " "
Variable @ 231..237 "$other"
CloseParenthesis @ 237..238 ")"
Colon @ 238..239 ":"
Whitespace @ 239..240 " "
Static @ 240..246 "static"
Whitespace @ 246..251 "\n    "
OpenBrace @ 251..252 "{"
Whitespace @ 252..261 "\n        "
Return @ 261..267 "return"
Whitespace @ 267..268 " "
New @ 268..271 "new"
Whitespace @ 271..272 " "
Static @ 272..278 "static"
OpenParenthesis @ 278..279 "("
Variable @ 279..284 "$this"
Arrow @ 284..286 "->"
Identifier @ 286..292 "amount"
Whitespace @ 292..293 " "
Plus @ 293..294 "+"
Whitespace @ 294..295 " "
Variable @ 295..301 "$other"
Arrow @ 301..303 "->"
Identifier @ 303..309 "amount"
Comma @ 309..310 ","
Whitespace @ 310..311 " "
Variable @ 311..316 "$this"
Arrow @ 316..318 "->"
Identifier @ 318..326 "currency"
CloseParenthesis @ 326..327 ")"
Semicolon @ 327..328 ";"
Whitespace @ 328..333 "\n    "
CloseBrace @ 333..334 "}"
Whitespace @ 334..335 "\n"
CloseBrace @ 335..336 "}"
Whitespace @ 336..338 "\n\n"
Enum @ 338..342 "enum"
Whitespace @ 342..343 " "
Identifier @ 343..351 "Currency"
Colon @ 351..352 ":"
Whitespace @ 352..353 " "
Identifier @ 353..359 "string"
Whitespace @ 359..360 "\n"
OpenBrace @ 360..361 "{"
Whitespace @ 361..366 "\n    "
Case @ 366..370 "case"
Whitespace @ 370..371 " "
Identifier @ 371..375 "Euro"
Whitespace @ 375..376 " "
Equals @ 376..377 "="
Whitespace @ 377..378 " "
SingleQuotedString @ 378..383 "'EUR'"
Semicolon @ 383..384 ";"
Whitespace @ 384..389 "\n    "
Case @ 389..393 "case"
Whitespace @ 393..394 " "
Identifier @ 394..400 "Dollar"
Whitespace @ 400..401 " "
Equals @ 401..402 "="
Whitespace @ 402..403 " "
SingleQuotedString @ 403..408 "'USD'"
Semicolon @ 408..409 ";"
Whitespace @ 409..410 "\n"
CloseBrace @ 410..411 "}"
Whitespace @ 411..412 "\n"
