---
source: crates/celerrate_syntax/tests/corpus.rs
expression: render(&source)
input_file: crates/celerrate_syntax/tests/corpus/strings.php
---
OpenTag @ 0..5 "<?php"
Whitespace @ 5..7 "\n\n"
Variable @ 7..14 "$simple"
Whitespace @ 14..15 " "
Equals @ 15..16 "="
Whitespace @ 16..17 " "
SingleQuotedString @ 17..35 "'single \\' quoted'"
Semicolon @ 35..36 ";"
Whitespace @ 36..37 "\n"
Variable @ 37..44 "$double"
Whitespace @ 44..45 " "
Equals @ 45..46 "="
Whitespace @ 46..47 " "
DoubleQuote @ 47..48 "\""
StringFragment @ 48..55 "double "
Variable @ 55..68 "$interpolated"
StringFragment @ 68..81 " \\\"escaped\\\" "
DollarOpenBrace @ 81..83 "${"
Identifier @ 83..93 "deprecated"
CloseBrace @ 93..94 "}"
StringFragment @ 94..95 " "
OpenBrace @ 95..96 "{"
Variable @ 96..104 "$complex"
Arrow @ 104..106 "->"
Identifier @ 106..110 "call"
OpenParenthesis @ 110..111 "("
CloseParenthesis @ 111..112 ")"
CloseBrace @ 112..113 "}"
DoubleQuote @ 113..114 "\""
Semicolon @ 114..115 ";"
Whitespace @ 115..116 "\n"
Variable @ 116..124 "$offsets"
Whitespace @ 124..125 " "
Equals @ 125..126 "="
Whitespace @ 126..127 " "
DoubleQuote @ 127..128 "\""
Variable @ 128..134 "$array"
OpenBracket @ 134..135 "["
IntegerLiteral @ 135..136 "0"
CloseBracket @ 136..137 "]"
StringFragment @ 137..138 " "
Variable @ 138..144 "$array"
OpenBracket @ 144..145 "["
Identifier @ 145..148 "key"
CloseBracket @ 148..149 "]"
StringFragment @ 149..150 " "
Variable @ 150..156 "$array"
OpenBracket @ 156..157 "["
Variable @ 157..166 "$variable"
CloseBracket @ 166..167 "]"
StringFragment @ 167..168 " "
Variable @ 168..175 "$object"
Arrow @ 175..177 "->"
Identifier @ 177..185 "property"
DoubleQuote @ 185..186 "\""
Semicolon @ 186..187 ";"
Whitespace @ 187..188 "\n"
Variable @ 188..196 "$heredoc"
Whitespace @ 196..197 " "
Equals @ 197..198 "="
Whitespace @ 198..199 " "
HeredocStart @ 199..207 "<<<TEXT\n"
StringFragment @ 207..220 "    Indented "
Variable @ 220..225 "$body"
StringFragment @ 225..231 " text\n"
HeredocEnd @ 231..239 "    TEXT"
Semicolon @ 239..240 ";"
Whitespace @ 240..241 "\n"
Variable @ 241..248 "$nowdoc"
Whitespace @ 248..249 " "
Equals @ 249..250 "="
Whitespace @ 250..251 " "
HeredocStart @ 251..260 "<<<'RAW'\n"
StringFragment @ 260..283 "No $interpolation here\n"
HeredocEnd @ 283..286 "RAW"
Semicolon @ 286..287 ";"
Whitespace @ 287..288 "\n"
Variable @ 288..294 "$shell"
Whitespace @ 294..295 " "
Equals @ 295..296 "="
Whitespace @ 296..297 " "
Backtick @ 297..298 "`"
StringFragment @ 298..305 "ls -la "
Variable @ 305..315 "$directory"
Backtick @ 315..316 "`"
Semicolon @ 316..317 ";"
Whitespace @ 317..318 "\n"
Variable @ 318..325 "$binary"
Whitespace @ 325..326 " "
Equals @ 326..327 "="
Whitespace @ 327..328 " "
DoubleQuote @ 328..330 "b\""
StringFragment @ 330..335 "bytes"
DoubleQuote @ 335..336 "\""
Semicolon @ 336..337 ";"
Whitespace @ 337..338 "\n"
