---
source: crates/celerrate_syntax/tests/parse_corpus.rs
expression: "support::render_parse(&source)"
input_file: crates/celerrate_syntax/tests/parse_corpus/expressions_arrays.php
---
SourceFile@0..209
  OpenTag@0..5 "<?php"
  Whitespace@5..6 "\n"
  ExpressionStatement@6..9
    ArrayExpression@6..8
      OpenBracket@6..7 "["
      CloseBracket@7..8 "]"
    Semicolon@8..9 ";"
  Whitespace@9..10 "\n"
  ExpressionStatement@10..21
    ArrayExpression@10..20
      OpenBracket@10..11 "["
      ArrayElement@11..12
        Literal@11..12
          IntegerLiteral@11..12 "1"
      Comma@12..13 ","
      Whitespace@13..14 " "
      ArrayElement@14..15
        Literal@14..15
          IntegerLiteral@14..15 "2"
      Comma@15..16 ","
      Whitespace@16..17 " "
      ArrayElement@17..18
        Literal@17..18
          IntegerLiteral@17..18 "3"
      Comma@18..19 ","
      CloseBracket@19..20 "]"
    Semicolon@20..21 ";"
  Whitespace@21..22 "\n"
  ExpressionStatement@22..47
    ArrayExpression@22..46
      OpenBracket@22..23 "["
      ArrayElement@23..33
        Literal@23..28
          SingleQuotedString@23..28 "'one'"
        Whitespace@28..29 " "
        FatArrow@29..31 "=>"
        Whitespace@31..32 " "
        Literal@32..33
          IntegerLiteral@32..33 "1"
      Comma@33..34 ","
      Whitespace@34..35 " "
      ArrayElement@35..45
        Literal@35..40
          SingleQuotedString@35..40 "'two'"
        Whitespace@40..41 " "
        FatArrow@41..43 "=>"
        Whitespace@43..44 " "
        Literal@44..45
          IntegerLiteral@44..45 "2"
      CloseBracket@45..46 "]"
    Semicolon@46..47 ";"
  Whitespace@47..48 "\n"
  ExpressionStatement@48..72
    ArrayExpression@48..71
      Array@48..53 "array"
      OpenParenthesis@53..54 "("
      ArrayElement@54..70
        Literal@54..62
          SingleQuotedString@54..62 "'legacy'"
        Whitespace@62..63 " "
        FatArrow@63..65 "=>"
        Whitespace@65..66 " "
        NameExpression@66..70
          Name@66..70
            Identifier@66..70 "true"
      CloseParenthesis@70..71 ")"
    Semicolon@71..72 ";"
  Whitespace@72..73 "\n"
  ExpressionStatement@73..105
    ArrayExpression@73..104
      OpenBracket@73..74 "["
      ArrayElement@74..86
        Ellipsis@74..77 "..."
        VariableReference@77..86
          Variable@77..86 "$defaults"
      Comma@86..87 ","
      Whitespace@87..88 " "
      ArrayElement@88..103
        Literal@88..98
          SingleQuotedString@88..98 "'override'"
        Whitespace@98..99 " "
        FatArrow@99..101 "=>"
        Whitespace@101..102 " "
        Literal@102..103
          IntegerLiteral@102..103 "1"
      CloseBracket@103..104 "]"
    Semicolon@104..105 ";"
  Whitespace@105..106 "\n"
  ExpressionStatement@106..131
    ArrayExpression@106..130
      OpenBracket@106..107 "["
      ArrayElement@107..114
        Ampersand@107..108 "&"
        VariableReference@108..114
          Variable@108..114 "$first"
      Comma@114..115 ","
      Whitespace@115..116 " "
      ArrayElement@116..129
        Literal@116..117
          IntegerLiteral@116..117 "1"
        Whitespace@117..118 " "
        FatArrow@118..120 "=>"
        Whitespace@120..121 " "
        Ampersand@121..122 "&"
        VariableReference@122..129
          Variable@122..129 "$second"
      CloseBracket@129..130 "]"
    Semicolon@130..131 ";"
  Whitespace@131..132 "\n"
  ExpressionStatement@132..155
    IndexExpression@132..154
      IndexExpression@132..151
        ArrayExpression@132..148
          OpenBracket@132..133 "["
          ArrayElement@133..139
            ArrayExpression@133..139
              OpenBracket@133..134 "["
              ArrayElement@134..135
                Literal@134..135
                  IntegerLiteral@134..135 "1"
              Comma@135..136 ","
              Whitespace@136..137 " "
              ArrayElement@137..138
                Literal@137..138
                  IntegerLiteral@137..138 "2"
              CloseBracket@138..139 "]"
          Comma@139..140 ","
          Whitespace@140..141 " "
          ArrayElement@141..147
            ArrayExpression@141..147
              OpenBracket@141..142 "["
              ArrayElement@142..143
                Literal@142..143
                  IntegerLiteral@142..143 "3"
              Comma@143..144 ","
              Whitespace@144..145 " "
              ArrayElement@145..146
                Literal@145..146
                  IntegerLiteral@145..146 "4"
              CloseBracket@146..147 "]"
          CloseBracket@147..148 "]"
        OpenBracket@148..149 "["
        Literal@149..150
          IntegerLiteral@149..150 "0"
        CloseBracket@150..151 "]"
      OpenBracket@151..152 "["
      Literal@152..153
        IntegerLiteral@152..153 "1"
      CloseBracket@153..154 "]"
    Semicolon@154..155 ";"
  Whitespace@155..156 "\n"
  ExpressionStatement@156..179
    AssignmentExpression@156..178
      ArrayExpression@156..168
        OpenBracket@156..157 "["
        ArrayElement@157..159
          VariableReference@157..159
            Variable@157..159 "$a"
        Comma@159..160 ","
        Whitespace@160..161 " "
        ArrayElement@161..167
          ArrayExpression@161..167
            OpenBracket@161..162 "["
            Comma@162..163 ","
            Whitespace@163..164 " "
            ArrayElement@164..166
              VariableReference@164..166
                Variable@164..166 "$c"
            CloseBracket@166..167 "]"
        CloseBracket@167..168 "]"
      Whitespace@168..169 " "
      Equals@169..170 "="
      Whitespace@170..171 " "
      VariableReference@171..178
        Variable@171..178 "$nested"
    Semicolon@178..179 ";"
  Whitespace@179..180 "\n"
  ExpressionStatement@180..208
    AssignmentExpression@180..207
      ListExpression@180..198
        List@180..184 "list"
        OpenParenthesis@184..185 "("
        ArrayElement@185..187
          VariableReference@185..187
            Variable@185..187 "$x"
        Comma@187..188 ","
        Whitespace@188..189 " "
        ArrayElement@189..197
          ListExpression@189..197
            List@189..193 "list"
            OpenParenthesis@193..194 "("
            ArrayElement@194..196
              VariableReference@194..196
                Variable@194..196 "$y"
            CloseParenthesis@196..197 ")"
        CloseParenthesis@197..198 ")"
      Whitespace@198..199 " "
      Equals@199..200 "="
      Whitespace@200..201 " "
      VariableReference@201..207
        Variable@201..207 "$pairs"
    Semicolon@207..208 ";"
  Whitespace@208..209 "\n"
