---
source: crates/celerrate_syntax/tests/parse_corpus.rs
expression: "support::render_parse(&source)"
input_file: crates/celerrate_syntax/tests/parse_corpus/recovery_statements.php
---
SourceFile@0..159
  OpenTag@0..5 "<?php"
  Whitespace@5..6 "\n"
  IfStatement@6..33
    If@6..8 "if"
    Whitespace@8..9 " "
    OpenParenthesis@9..10 "("
    VariableReference@10..17
      Variable@10..17 "$broken"
    Whitespace@17..18 " "
    Block@18..33
      OpenBrace@18..19 "{"
      Whitespace@19..24 "\n    "
      EchoStatement@24..31
        Echo@24..28 "echo"
        Whitespace@28..29 " "
        Literal@29..30
          IntegerLiteral@29..30 "1"
        Semicolon@30..31 ";"
      Whitespace@31..32 "\n"
      CloseBrace@32..33 "}"
  Whitespace@33..34 "\n"
  DoWhileStatement@34..44
    Do@34..36 "do"
    Whitespace@36..37 " "
    EchoStatement@37..44
      Echo@37..41 "echo"
      Whitespace@41..42 " "
      Literal@42..43
        IntegerLiteral@42..43 "3"
      Semicolon@43..44 ";"
  Whitespace@44..45 "\n"
  SwitchStatement@45..81
    Switch@45..51 "switch"
    Whitespace@51..52 " "
    OpenParenthesis@52..53 "("
    VariableReference@53..55
      Variable@53..55 "$y"
    CloseParenthesis@55..56 ")"
    Whitespace@56..57 " "
    OpenBrace@57..58 "{"
    Whitespace@58..59 " "
    ErrorNode@59..63
      Identifier@59..63 "junk"
    Whitespace@63..64 " "
    SwitchCase@64..79
      Case@64..68 "case"
      Whitespace@68..69 " "
      Literal@69..70
        IntegerLiteral@69..70 "1"
      Colon@70..71 ":"
      Whitespace@71..72 " "
      EchoStatement@72..79
        Echo@72..76 "echo"
        Whitespace@76..77 " "
        Literal@77..78
          IntegerLiteral@77..78 "4"
        Semicolon@78..79 ";"
    Whitespace@79..80 " "
    CloseBrace@80..81 "}"
  Whitespace@81..82 "\n"
  ForeachStatement@82..113
    Foreach@82..89 "foreach"
    Whitespace@89..90 " "
    OpenParenthesis@90..91 "("
    VariableReference@91..97
      Variable@91..97 "$items"
    Whitespace@97..98 " "
    As@98..100 "as"
    CloseParenthesis@100..101 ")"
    Whitespace@101..102 " "
    Block@102..113
      OpenBrace@102..103 "{"
      Whitespace@103..104 " "
      EchoStatement@104..111
        Echo@104..108 "echo"
        Whitespace@108..109 " "
        Literal@109..110
          IntegerLiteral@109..110 "6"
        Semicolon@110..111 ";"
      Whitespace@111..112 " "
      CloseBrace@112..113 "}"
  Whitespace@113..114 "\n"
  TryStatement@114..129
    Try@114..117 "try"
    Whitespace@117..118 " "
    Block@118..129
      OpenBrace@118..119 "{"
      Whitespace@119..120 " "
      EchoStatement@120..127
        Echo@120..124 "echo"
        Whitespace@124..125 " "
        Literal@125..126
          IntegerLiteral@125..126 "5"
        Semicolon@126..127 ";"
      Whitespace@127..128 " "
      CloseBrace@128..129 "}"
  Whitespace@129..130 "\n"
  GotoStatement@130..136
    Goto@130..134 "goto"
    Whitespace@134..135 " "
    Semicolon@135..136 ";"
  Whitespace@136..137 "\n"
  WhileStatement@137..158
    While@137..142 "while"
    Whitespace@142..143 " "
    OpenParenthesis@143..144 "("
    VariableReference@144..146
      Variable@144..146 "$x"
    CloseParenthesis@146..147 ")"
    Colon@147..148 ":"
    Whitespace@148..149 " "
    EchoStatement@149..156
      Echo@149..153 "echo"
      Whitespace@153..154 " "
      Literal@154..155
        IntegerLiteral@154..155 "2"
      Semicolon@155..156 ";"
    Whitespace@156..157 "\n"
    Block@157..158
      OpenBrace@157..158 "{"
  Whitespace@158..159 "\n"
---
Parser(Expected(CloseParenthesis)) @ 17..17
Parser(Expected(While)) @ 44..44
Parser(Expected(OpenParenthesis)) @ 44..44
Parser(ExpectedSemicolon) @ 44..44
Parser(UnexpectedToken) @ 59..63
Parser(ExpectedExpression) @ 100..101
Parser(Expected(Catch)) @ 129..129
Parser(Expected(Identifier)) @ 134..134
Parser(Expected(CloseBrace)) @ 158..158
Parser(Expected(EndWhile)) @ 158..158
Parser(ExpectedSemicolon) @ 158..158
