---
source: crates/celerrate_cli/tests/check.rs
expression: normalize_location_separators(&text)
---
error[CEL0030]: unknown method `svae` on `App\User`
 --> src/Caller.php:3:38
  |
3 | function persist(User $user): void { $user->svae(); }
  |                                      ^^^^^^^^^^^
  |
  = help: did you mean `save`?
  |
3 - function persist(User $user): void { $user->svae(); }
3 + function persist(User $user): void { $user->save(); }
  |

0 notices, 1 diagnostic

for more information, run `celerrate explain CEL0030`
