---
source: crates/celerrate_rules/tests/render.rs
assertion_line: 337
expression: "report.blocks.join(\"\\n\\n\")"
---
error[CEL0030]: unknown method `svae` on `App\User`
 --> src/Caller.php:6:12
  |
6 |     $user->svae();
  |            ^^^^
  |
  = note: `App\User::save`: `save` is declared here
